SOURCELONG:Minor Cantrips	SOURCESHORT:MC	SOURCEWEB:https://www.patreon.com/cw/EldritchE	SOURCEDATE:2026-02

#BLOCK:Magical Secrets / Wizard
MC ~ Minor Divination	CATEGORY:Internal	TYPE:Bard Magical Secret			KEY:Bard Magical Secret ~ Minor Divination	PRECLASS:1,Bard=1																	SPELLKNOWN:CLASS|Bard=0|MC ~ Minor Divination									SOURCEPAGE:MC
MC ~ Minor Abjuration	CATEGORY:Internal	TYPE:Bard Magical Secret			KEY:Bard Magical Secret ~ Minor Abjuration	PRECLASS:1,Bard=1																	SPELLKNOWN:CLASS|Bard=0|MC ~ Minor Abjuration									SOURCEPAGE:MC
MC ~ Minor Conjuration	CATEGORY:Internal	TYPE:Bard Magical Secret			KEY:Bard Magical Secret ~ Minor Conjuration	PRECLASS:1,Bard=1																	SPELLKNOWN:CLASS|Bard=0|MC ~ Minor Conjuration									SOURCEPAGE:MC
MC ~ Minor Enchantment	CATEGORY:Internal	TYPE:Bard Magical Secret			KEY:Bard Magical Secret ~ Minor Enchantment	PRECLASS:1,Bard=1																	SPELLKNOWN:CLASS|Bard=0|MC ~ Minor Enchantment									SOURCEPAGE:MC
MC ~ Minor Evocation	CATEGORY:Internal	TYPE:Bard Magical Secret			KEY:Bard Magical Secret ~ Minor Evocation	PRECLASS:1,Bard=1																	SPELLKNOWN:CLASS|Bard=0|MC ~ Minor Evocation									SOURCEPAGE:MC
MC ~ Minor Illusion	CATEGORY:Internal	TYPE:Bard Magical Secret			KEY:Bard Magical Secret ~ Minor Illusion	PRECLASS:1,Bard=1																	SPELLKNOWN:CLASS|Bard=0|MC ~ Minor Illusion									SOURCEPAGE:MC
MC ~ Minor Necromancy	CATEGORY:Internal	TYPE:Bard Magical Secret			KEY:Bard Magical Secret ~ Minor Necromancy	PRECLASS:1,Bard=1																	SPELLKNOWN:CLASS|Bard=0|MC ~ Minor Necromancy									SOURCEPAGE:MC
MC ~ Minor Transmutation	CATEGORY:Internal	TYPE:Bard Magical Secret			KEY:Bard Magical Secret ~ Minor Transmutation	PRECLASS:1,Bard=1																	SPELLKNOWN:CLASS|Bard=0|MC ~ Minor Transmutation									SOURCEPAGE:MC

###Block: Bard Cantrip
MC ~ Minor Conjuration	CATEGORY:Internal	TYPE:Bard Cantrip		DESC:You create a magical effect within range.	KEY:Bard Cantrip ~ MC ~ Minor Conjuration																		SPELLS:Bard Cantrip|TIMES=ATWILL|CASTERLEVEL=1|MC ~ Minor Conjuration	SPELLKNOWN:CLASS|Bard=0|MC ~ Minor Conjuration								SOURCEPAGE:MC
MC ~ Minor Divination	CATEGORY:Internal	TYPE:Bard Cantrip		DESC:You touch an structure, a creature, or an object and cause one of the following effects.	KEY:Bard Cantrip ~ MC ~ Minor Divination																		SPELLS:Bard Cantrip|TIMES=ATWILL|CASTERLEVEL=1|MC ~ Minor Divination	SPELLKNOWN:CLASS|Bard=0|MC ~ Minor Divination								SOURCEPAGE:MC
MC ~ Minor Enchantment	CATEGORY:Internal	TYPE:Bard Cantrip		DESC:You tap into the mind of a creature you can see within range.	KEY:Bard Cantrip ~ MC ~ Minor Enchantment																		SPELLS:Bard Cantrip|TIMES=ATWILL|CASTERLEVEL=1|MC ~ Minor Enchantment	SPELLKNOWN:CLASS|Bard=0|MC ~ Minor Enchantment								SOURCEPAGE:MC
MC ~ Minor Illusion	CATEGORY:Internal	TYPE:Bard Cantrip		DESC:You create a sound or an image of an object within range that lasts for the duration.	KEY:Bard Cantrip ~ MC ~ Minor Illusion																		SPELLS:Bard Cantrip|TIMES=ATWILL|CASTERLEVEL=1|MC ~ Minor Illusion	SPELLKNOWN:CLASS|Bard=0|MC ~ Minor Illusion								SOURCEPAGE:MC

###Block: Cleric Cantrip
MC ~ Minor Divination	CATEGORY:Internal	TYPE:Cleric Cantrip		DESC:You touch an structure, a creature, or an object and cause one of the following effects.	KEY:Cleric Cantrip ~ MC ~ Minor Divination																		SPELLS:Cleric Cantrip|TIMES=ATWILL|CASTERLEVEL=1|MC ~ Minor Divination	SPELLKNOWN:CLASS|Cleric=0|MC ~ Minor Divination								SOURCEPAGE:MC

###Block: Druid Cantrip
MC ~ Minor Divination	CATEGORY:Internal	TYPE:Druid Cantrip		DESC:You touch an structure, a creature, or an object and cause one of the following effects.	KEY:Druid Cantrip ~ MC ~ Minor Divination																		SPELLS:Druid Cantrip|TIMES=ATWILL|CASTERLEVEL=1|MC ~ Minor Divination	SPELLKNOWN:CLASS|Druid=0|MC ~ Minor Divination								SOURCEPAGE:MC

###Block: Sorcerer Cantrip
MC ~ Minor Conjuration	CATEGORY:Internal	TYPE:Sorcerer Cantrip		DESC:You create a magical effect within range.	KEY:Sorcerer Cantrip ~ MC ~ Minor Conjuration																		SPELLS:Sorcerer Cantrip|TIMES=ATWILL|CASTERLEVEL=1|MC ~ Minor Conjuration	SPELLKNOWN:CLASS|Sorcerer=0|MC ~ Minor Conjuration								SOURCEPAGE:MC
MC ~ Minor Divination	CATEGORY:Internal	TYPE:Sorcerer Cantrip		DESC:You touch an structure, a creature, or an object and cause one of the following effects.	KEY:Sorcerer Cantrip ~ MC ~ Minor Divination																		SPELLS:Sorcerer Cantrip|TIMES=ATWILL|CASTERLEVEL=1|MC ~ Minor Divination	SPELLKNOWN:CLASS|Sorcerer=0|MC ~ Minor Divination								SOURCEPAGE:MC
MC ~ Minor Enchantment	CATEGORY:Internal	TYPE:Sorcerer Cantrip		DESC:You tap into the mind of a creature you can see within range.	KEY:Sorcerer Cantrip ~ MC ~ Minor Enchantment																		SPELLS:Sorcerer Cantrip|TIMES=ATWILL|CASTERLEVEL=1|MC ~ Minor Enchantment	SPELLKNOWN:CLASS|Sorcerer=0|MC ~ Minor Enchantment								SOURCEPAGE:MC
MC ~ Minor Evocation	CATEGORY:Internal	TYPE:Sorcerer Cantrip	DESC:A flow of prismatic energy appears at a space you can see within range for the duration.	KEY:Sorcerer Cantrip ~ MC ~ Minor Evocation																		SPELLS:Sorcerer Cantrip|TIMES=ATWILL|CASTERLEVEL=1|MC ~ Minor Evocation	SPELLKNOWN:CLASS|Sorcerer=0|MC ~ Minor Evocation								SOURCEPAGE:MC
MC ~ Minor Illusion	CATEGORY:Internal	TYPE:Sorcerer Cantrip		DESC:You create a sound or an image of an object within range that lasts for the duration.	KEY:Sorcerer Cantrip ~ MC ~ Minor Illusion																		SPELLS:Sorcerer Cantrip|TIMES=ATWILL|CASTERLEVEL=1|MC ~ Minor Illusion	SPELLKNOWN:CLASS|Sorcerer=0|MC ~ Minor Illusion								SOURCEPAGE:MC

###Block: Warlock Cantrip
MC ~ Minor Conjuration	CATEGORY:Internal	TYPE:Warlock Cantrip		DESC:You create a magical effect within range.	KEY:Warlock Cantrip ~ MC ~ Minor Conjuration																		SPELLS:Warlock Cantrip|TIMES=ATWILL|CASTERLEVEL=1|MC ~ Minor Conjuration	SPELLKNOWN:CLASS|Warlock=0|MC ~ Minor Conjuration								SOURCEPAGE:MC
MC ~ Minor Divination	CATEGORY:Internal	TYPE:Warlock Cantrip		DESC:You touch an structure, a creature, or an object and cause one of the following effects.	KEY:Warlock Cantrip ~ MC ~ Minor Divination																		SPELLS:Warlock Cantrip|TIMES=ATWILL|CASTERLEVEL=1|MC ~ Minor Divination	SPELLKNOWN:CLASS|Warlock=0|MC ~ Minor Divination								SOURCEPAGE:MC
MC ~ Minor Enchantment	CATEGORY:Internal	TYPE:Warlock Cantrip		DESC:You tap into the mind of a creature you can see within range.	KEY:Warlock Cantrip ~ MC ~ Minor Enchantment																		SPELLS:Warlock Cantrip|TIMES=ATWILL|CASTERLEVEL=1|MC ~ Minor Enchantment	SPELLKNOWN:CLASS|Warlock=0|MC ~ Minor Enchantment								SOURCEPAGE:MC
MC ~ Minor Illusion	CATEGORY:Internal	TYPE:Warlock Cantrip		DESC:You create a sound or an image of an object within range that lasts for the duration.	KEY:Warlock Cantrip ~ MC ~ Minor Illusion																		SPELLS:Warlock Cantrip|TIMES=ATWILL|CASTERLEVEL=1|MC ~ Minor Illusion	SPELLKNOWN:CLASS|Warlock=0|MC ~ Minor Illusion								SOURCEPAGE:MC
MC ~ Minor Necromancy	CATEGORY:Internal	TYPE:Warlock Cantrip		DESC:You create a magical effect within range. Choose from Alter, Animate, Demise, or Sensory Effect.	KEY:Warlock Cantrip ~ MC ~ Minor Necromancy																		SPELLS:Warlock Cantrip|TIMES=ATWILL|CASTERLEVEL=1|MC ~ Minor Necromancy	SPELLKNOWN:CLASS|Warlock=0|MC ~ Minor Necromancy								SOURCEPAGE:MC

###Block: Wizard Cantrip
MC ~ Minor Abjuration	CATEGORY:Internal	TYPE:Wizard Cantrip		DESC:You touch a medium or smaller object and ward it with abjuration magic.	KEY:Wizard Cantrip ~ MC ~ Minor Abjuration																		SPELLS:Wizard Cantrip|TIMES=ATWILL|CASTERLEVEL=1|MC ~ Minor Abjuration,SpellDC_INT	SPELLKNOWN:CLASS|Wizard=0|MC ~ Minor Abjuration								SOURCEPAGE:MC
MC ~ Minor Conjuration	CATEGORY:Internal	TYPE:Wizard Cantrip		DESC:You create a magical effect within range.	KEY:Wizard Cantrip ~ MC ~ Minor Conjuration																		SPELLS:Wizard Cantrip|TIMES=ATWILL|CASTERLEVEL=1|MC ~ Minor Conjuration	SPELLKNOWN:CLASS|Wizard=0|MC ~ Minor Conjuration								SOURCEPAGE:MC
MC ~ Minor Divination	CATEGORY:Internal	TYPE:Wizard Cantrip		DESC:You touch an structure, a creature, or an object and cause one of the following effects.	KEY:Wizard Cantrip ~ MC ~ Minor Divination																		SPELLS:Wizard Cantrip|TIMES=ATWILL|CASTERLEVEL=1|MC ~ Minor Divination	SPELLKNOWN:CLASS|Wizard=0|MC ~ Minor Divination								SOURCEPAGE:MC
MC ~ Minor Enchantment	CATEGORY:Internal	TYPE:Wizard Cantrip		DESC:You tap into the mind of a creature you can see within range.	KEY:Wizard Cantrip ~ MC ~ Minor Enchantment																		SPELLS:Wizard Cantrip|TIMES=ATWILL|CASTERLEVEL=1|MC ~ Minor Enchantment	SPELLKNOWN:CLASS|Wizard=0|MC ~ Minor Enchantment								SOURCEPAGE:MC
MC ~ Minor Evocation	CATEGORY:Internal	TYPE:Wizard Cantrip	DESC:A flow of prismatic energy appears at a space you can see within range for the duration.	KEY:Wizard Cantrip ~ MC ~ Minor Evocation																		SPELLS:Wizard Cantrip|TIMES=ATWILL|CASTERLEVEL=1|MC ~ Minor Evocation	SPELLKNOWN:CLASS|Wizard=0|MC ~ Minor Evocation								SOURCEPAGE:MC
MC ~ Minor Illusion	CATEGORY:Internal	TYPE:Wizard Cantrip		DESC:You create a sound or an image of an object within range that lasts for the duration.	KEY:Wizard Cantrip ~ MC ~ Minor Illusion																		SPELLS:Wizard Cantrip|TIMES=ATWILL|CASTERLEVEL=1|MC ~ Minor Illusion	SPELLKNOWN:CLASS|Wizard=0|MC ~ Minor Illusion								SOURCEPAGE:MC
MC ~ Minor Necromancy	CATEGORY:Internal	TYPE:Wizard Cantrip		DESC:You create a magical effect within range. Choose from Alter, Animate, Demise, or Sensory Effect.	KEY:Wizard Cantrip ~ MC ~ Minor Necromancy																		SPELLS:Wizard Cantrip|TIMES=ATWILL|CASTERLEVEL=1|MC ~ Minor Necromancy	SPELLKNOWN:CLASS|Wizard=0|MC ~ Minor Necromancy								SOURCEPAGE:MC
MC ~ Minor Transmutation	CATEGORY:Internal	TYPE:Wizard Cantrip		DESC:You touch an object within reach to craft, alter, or transform its material or the terrain.	KEY:Wizard Cantrip ~ MC ~ Minor Transmutation																		SPELLS:Wizard Cantrip|TIMES=ATWILL|CASTERLEVEL=1|MC ~ Minor Transmutation	SPELLKNOWN:CLASS|Wizard=0|MC ~ Minor Transmutation								SOURCEPAGE:MC
