SOURCELONG:Unearthed Arcana - Artificer	SOURCESHORT:UA	SOURCEWEB:https://www.dndbeyond.com/sources/dnd/ua	SOURCEDATE:2015-01

FOLLOWER:EldritchCannonLVL=1	TYPE:Eldritch Cannon	BONUS:COMBAT|AC|8 BONUS:HP|CURRENTMAX|5*mastervar("ArtificerLVL")	DEFINESTAT:LOCK|STR|10	DEFINESTAT:LOCK|DEX|10	DEFINESTAT:LOCK|CON|10	DEFINESTAT:LOCK|INT|10	DEFINESTAT:LOCK|WIS|10	DEFINESTAT:LOCK|CHA|10	DEFINE:EldritchCannonDamage|0	BONUS:VAR|EldritchCannonDamage|2
FOLLOWER:EldritchCannonLVL=9	TYPE:Eldritch Cannon	ABILITY:Special Ability|AUTOMATIC|Eldritch Cannon ~ Explosive Cannon	BONUS:VAR|EldritchCannonDamage|1
FOLLOWER:EldritchCannonLVL=15	TYPE:Eldritch Cannon	ABILITY:Special Ability|AUTOMATIC|Eldritch Cannon ~ Fortified Position

FOLLOWER:SteelDefenderLVL=1	TYPE:Steel Defender 	BONUS:HP|CURRENTMAX|5*mastervar("ArtificerLVL")	BONUS:COMBAT|TOHIT|mastervar("INT")
FOLLOWER:SteelDefenderLVL=2	TYPE:Steel Defender	HD:1
FOLLOWER:SteelDefenderLVL=3	TYPE:Steel Defender	HD:1
FOLLOWER:SteelDefenderLVL=4	TYPE:Steel Defender	HD:1
FOLLOWER:SteelDefenderLVL=5	TYPE:Steel Defender	HD:1
FOLLOWER:SteelDefenderLVL=6	TYPE:Steel Defender	HD:1
FOLLOWER:SteelDefenderLVL=7	TYPE:Steel Defender	HD:1
FOLLOWER:SteelDefenderLVL=8	TYPE:Steel Defender	HD:1
FOLLOWER:SteelDefenderLVL=9	TYPE:Steel Defender	HD:1	ABILITY:Special Ability|AUTOMATIC|Steel Defender ~ Arcane Jolt
FOLLOWER:SteelDefenderLVL=10	TYPE:Steel Defender	HD:1
FOLLOWER:SteelDefenderLVL=11	TYPE:Steel Defender	HD:1
FOLLOWER:SteelDefenderLVL=12	TYPE:Steel Defender	HD:1
FOLLOWER:SteelDefenderLVL=13	TYPE:Steel Defender	HD:1
FOLLOWER:SteelDefenderLVL=14	TYPE:Steel Defender	HD:1
FOLLOWER:SteelDefenderLVL=15	TYPE:Steel Defender	HD:1	BONUS:COMBAT|AC|2	ABILITY:Special Ability|AUTOMATIC|Steel Defender ~ Improved Defender
FOLLOWER:SteelDefenderLVL=16	TYPE:Steel Defender	HD:1
FOLLOWER:SteelDefenderLVL=17	TYPE:Steel Defender	HD:1
FOLLOWER:SteelDefenderLVL=18	TYPE:Steel Defender	HD:1
FOLLOWER:SteelDefenderLVL=19	TYPE:Steel Defender	HD:1
FOLLOWER:SteelDefenderLVL=20	TYPE:Steel Defender	HD:1