SOURCELONG:Beast Master Reborn	SOURCESHORT:BMR	SOURCEWEB:http://www.reddit.com	SOURCEDATE:2024-11

FOLLOWER:Beast Companion=1		TYPE:Beast Companion	BONUS:HP|CURRENTMAX|4*mastervar("RangerLVL")+CON*mastervar("RangerLVL")
FOLLOWER:Beast Companion=1		TYPE:Beast Companion	BONUS:COMBAT|AC|mastervar("Proficiency_Bonus")|TYPE=Bonus
FOLLOWER:Beast Companion=1		TYPE:Beast Companion	BONUS:COMBAT|TOHIT,DAMAGE|mastervar("Proficiency_Bonus")	BONUS:COMBAT|INITIATIVE|mastervar("Proficiency_Bonus")
# FOLLOWER:Beast Companion=1		TYPE:Beast Companion	BONUS:VAR|Proficiency_Bonus|mastervar("Proficiency_Bonus")	
FOLLOWER:Beast Companion=1		TYPE:Beast Companion	BONUS:SAVE|ALL|mastervar("Proficiency Bonus")
FOLLOWER:Beast Companion=1		TYPE:Beast Companion	BONUS:SKILL|ALL|mastervar("Proficiency_Bonus")
FOLLOWER:Beast Companion=1		TYPE:Beast Companion	ABILITY:Special Ability|AUTOMATIC|Beast Companion ~ Natural Attack
FOLLOWER:Beast Companion=2		HD:1
FOLLOWER:Beast Companion=3		HD:1
FOLLOWER:Beast Companion=4		HD:1
FOLLOWER:Beast Companion=5		HD:1
FOLLOWER:Beast Companion=6		HD:1
FOLLOWER:Beast Companion=7		HD:1
FOLLOWER:Beast Companion=8		HD:1
FOLLOWER:Beast Companion=9		HD:1
FOLLOWER:Beast Companion=10		HD:1
FOLLOWER:Beast Companion=11		HD:1
FOLLOWER:Beast Companion=12		HD:1
FOLLOWER:Beast Companion=13		HD:1
FOLLOWER:Beast Companion=14		HD:1
FOLLOWER:Beast Companion=15		HD:1
FOLLOWER:Beast Companion=16		HD:1
FOLLOWER:Beast Companion=17		HD:1
FOLLOWER:Beast Companion=18		HD:1
FOLLOWER:Beast Companion=19		HD:1
FOLLOWER:Beast Companion=20		HD:1
